Archive member included because of file (symbol)

c:/program files (x86)/atmel/atmel toolchain/avr8 gcc/native/3.4.1061/avr8-gnu-toolchain/bin/../lib/gcc/avr/4.8.1/avr25\libgcc.a(_exit.o)
                              c:/program files (x86)/atmel/atmel toolchain/avr8 gcc/native/3.4.1061/avr8-gnu-toolchain/bin/../lib/gcc/avr/4.8.1/../../../../avr/lib/avr25/crttn44a.o (exit)
c:/program files (x86)/atmel/atmel toolchain/avr8 gcc/native/3.4.1061/avr8-gnu-toolchain/bin/../lib/gcc/avr/4.8.1/avr25\libgcc.a(_copy_data.o)
                              main.o (__do_copy_data)
c:/program files (x86)/atmel/atmel toolchain/avr8 gcc/native/3.4.1061/avr8-gnu-toolchain/bin/../lib/gcc/avr/4.8.1/avr25\libgcc.a(_clear_bss.o)
                              main.o (__do_clear_bss)

Allocating common symbols
Common symbol       size              file

ticCount            0x1               main.o
gWakeUpFlag         0x1               main.o
secCount            0x1               main.o
gCountFlag          0x1               main.o

Discarded input sections

 .data          0x00000000        0x0 c:/program files (x86)/atmel/atmel toolchain/avr8 gcc/native/3.4.1061/avr8-gnu-toolchain/bin/../lib/gcc/avr/4.8.1/../../../../avr/lib/avr25/crttn44a.o
 .bss           0x00000000        0x0 c:/program files (x86)/atmel/atmel toolchain/avr8 gcc/native/3.4.1061/avr8-gnu-toolchain/bin/../lib/gcc/avr/4.8.1/../../../../avr/lib/avr25/crttn44a.o
 .text          0x00000000        0x0 main.o
 .data          0x00000000        0x0 main.o
 .bss           0x00000000        0x0 main.o
 .text.set_gWakeUpFlag_adc
                0x00000000        0xc main.o
 .text          0x00000000        0x0 myADC.o
 .data          0x00000000        0x0 myADC.o
 .bss           0x00000000        0x0 myADC.o
 .text.adc_convert
                0x00000000       0x40 myADC.o
 .text          0x00000000        0x0 myTimer.o
 .data          0x00000000        0x0 myTimer.o
 .bss           0x00000000        0x0 myTimer.o
 .text          0x00000000        0x0 myUsiTwiSlave.o
 .data          0x00000000        0x0 myUsiTwiSlave.o
 .bss           0x00000000        0x0 myUsiTwiSlave.o
 .text.usiTwi_is_DataInTxBuffer
                0x00000000        0x6 myUsiTwiSlave.o
 .text.usiTwi_is_DataInRxBuffer
                0x00000000        0x6 myUsiTwiSlave.o
 .text          0x00000000        0x0 c:/program files (x86)/atmel/atmel toolchain/avr8 gcc/native/3.4.1061/avr8-gnu-toolchain/bin/../lib/gcc/avr/4.8.1/avr25\libgcc.a(_exit.o)
 .data          0x00000000        0x0 c:/program files (x86)/atmel/atmel toolchain/avr8 gcc/native/3.4.1061/avr8-gnu-toolchain/bin/../lib/gcc/avr/4.8.1/avr25\libgcc.a(_exit.o)
 .bss           0x00000000        0x0 c:/program files (x86)/atmel/atmel toolchain/avr8 gcc/native/3.4.1061/avr8-gnu-toolchain/bin/../lib/gcc/avr/4.8.1/avr25\libgcc.a(_exit.o)
 .text.libgcc.mul
                0x00000000        0x0 c:/program files (x86)/atmel/atmel toolchain/avr8 gcc/native/3.4.1061/avr8-gnu-toolchain/bin/../lib/gcc/avr/4.8.1/avr25\libgcc.a(_exit.o)
 .text.libgcc.div
                0x00000000        0x0 c:/program files (x86)/atmel/atmel toolchain/avr8 gcc/native/3.4.1061/avr8-gnu-toolchain/bin/../lib/gcc/avr/4.8.1/avr25\libgcc.a(_exit.o)
 .text.libgcc   0x00000000        0x0 c:/program files (x86)/atmel/atmel toolchain/avr8 gcc/native/3.4.1061/avr8-gnu-toolchain/bin/../lib/gcc/avr/4.8.1/avr25\libgcc.a(_exit.o)
 .text.libgcc.prologue
                0x00000000        0x0 c:/program files (x86)/atmel/atmel toolchain/avr8 gcc/native/3.4.1061/avr8-gnu-toolchain/bin/../lib/gcc/avr/4.8.1/avr25\libgcc.a(_exit.o)
 .text.libgcc.builtins
                0x00000000        0x0 c:/program files (x86)/atmel/atmel toolchain/avr8 gcc/native/3.4.1061/avr8-gnu-toolchain/bin/../lib/gcc/avr/4.8.1/avr25\libgcc.a(_exit.o)
 .text.libgcc.fmul
                0x00000000        0x0 c:/program files (x86)/atmel/atmel toolchain/avr8 gcc/native/3.4.1061/avr8-gnu-toolchain/bin/../lib/gcc/avr/4.8.1/avr25\libgcc.a(_exit.o)
 .text.libgcc.fixed
                0x00000000        0x0 c:/program files (x86)/atmel/atmel toolchain/avr8 gcc/native/3.4.1061/avr8-gnu-toolchain/bin/../lib/gcc/avr/4.8.1/avr25\libgcc.a(_exit.o)
 .text          0x00000000        0x0 c:/program files (x86)/atmel/atmel toolchain/avr8 gcc/native/3.4.1061/avr8-gnu-toolchain/bin/../lib/gcc/avr/4.8.1/avr25\libgcc.a(_copy_data.o)
 .data          0x00000000        0x0 c:/program files (x86)/atmel/atmel toolchain/avr8 gcc/native/3.4.1061/avr8-gnu-toolchain/bin/../lib/gcc/avr/4.8.1/avr25\libgcc.a(_copy_data.o)
 .bss           0x00000000        0x0 c:/program files (x86)/atmel/atmel toolchain/avr8 gcc/native/3.4.1061/avr8-gnu-toolchain/bin/../lib/gcc/avr/4.8.1/avr25\libgcc.a(_copy_data.o)
 .text.libgcc.mul
                0x00000000        0x0 c:/program files (x86)/atmel/atmel toolchain/avr8 gcc/native/3.4.1061/avr8-gnu-toolchain/bin/../lib/gcc/avr/4.8.1/avr25\libgcc.a(_copy_data.o)
 .text.libgcc.div
                0x00000000        0x0 c:/program files (x86)/atmel/atmel toolchain/avr8 gcc/native/3.4.1061/avr8-gnu-toolchain/bin/../lib/gcc/avr/4.8.1/avr25\libgcc.a(_copy_data.o)
 .text.libgcc   0x00000000        0x0 c:/program files (x86)/atmel/atmel toolchain/avr8 gcc/native/3.4.1061/avr8-gnu-toolchain/bin/../lib/gcc/avr/4.8.1/avr25\libgcc.a(_copy_data.o)
 .text.libgcc.prologue
                0x00000000        0x0 c:/program files (x86)/atmel/atmel toolchain/avr8 gcc/native/3.4.1061/avr8-gnu-toolchain/bin/../lib/gcc/avr/4.8.1/avr25\libgcc.a(_copy_data.o)
 .text.libgcc.builtins
                0x00000000        0x0 c:/program files (x86)/atmel/atmel toolchain/avr8 gcc/native/3.4.1061/avr8-gnu-toolchain/bin/../lib/gcc/avr/4.8.1/avr25\libgcc.a(_copy_data.o)
 .text.libgcc.fmul
                0x00000000        0x0 c:/program files (x86)/atmel/atmel toolchain/avr8 gcc/native/3.4.1061/avr8-gnu-toolchain/bin/../lib/gcc/avr/4.8.1/avr25\libgcc.a(_copy_data.o)
 .text.libgcc.fixed
                0x00000000        0x0 c:/program files (x86)/atmel/atmel toolchain/avr8 gcc/native/3.4.1061/avr8-gnu-toolchain/bin/../lib/gcc/avr/4.8.1/avr25\libgcc.a(_copy_data.o)
 .text          0x00000000        0x0 c:/program files (x86)/atmel/atmel toolchain/avr8 gcc/native/3.4.1061/avr8-gnu-toolchain/bin/../lib/gcc/avr/4.8.1/avr25\libgcc.a(_clear_bss.o)
 .data          0x00000000        0x0 c:/program files (x86)/atmel/atmel toolchain/avr8 gcc/native/3.4.1061/avr8-gnu-toolchain/bin/../lib/gcc/avr/4.8.1/avr25\libgcc.a(_clear_bss.o)
 .bss           0x00000000        0x0 c:/program files (x86)/atmel/atmel toolchain/avr8 gcc/native/3.4.1061/avr8-gnu-toolchain/bin/../lib/gcc/avr/4.8.1/avr25\libgcc.a(_clear_bss.o)
 .text.libgcc.mul
                0x00000000        0x0 c:/program files (x86)/atmel/atmel toolchain/avr8 gcc/native/3.4.1061/avr8-gnu-toolchain/bin/../lib/gcc/avr/4.8.1/avr25\libgcc.a(_clear_bss.o)
 .text.libgcc.div
                0x00000000        0x0 c:/program files (x86)/atmel/atmel toolchain/avr8 gcc/native/3.4.1061/avr8-gnu-toolchain/bin/../lib/gcc/avr/4.8.1/avr25\libgcc.a(_clear_bss.o)
 .text.libgcc   0x00000000        0x0 c:/program files (x86)/atmel/atmel toolchain/avr8 gcc/native/3.4.1061/avr8-gnu-toolchain/bin/../lib/gcc/avr/4.8.1/avr25\libgcc.a(_clear_bss.o)
 .text.libgcc.prologue
                0x00000000        0x0 c:/program files (x86)/atmel/atmel toolchain/avr8 gcc/native/3.4.1061/avr8-gnu-toolchain/bin/../lib/gcc/avr/4.8.1/avr25\libgcc.a(_clear_bss.o)
 .text.libgcc.builtins
                0x00000000        0x0 c:/program files (x86)/atmel/atmel toolchain/avr8 gcc/native/3.4.1061/avr8-gnu-toolchain/bin/../lib/gcc/avr/4.8.1/avr25\libgcc.a(_clear_bss.o)
 .text.libgcc.fmul
                0x00000000        0x0 c:/program files (x86)/atmel/atmel toolchain/avr8 gcc/native/3.4.1061/avr8-gnu-toolchain/bin/../lib/gcc/avr/4.8.1/avr25\libgcc.a(_clear_bss.o)
 .text.libgcc.fixed
                0x00000000        0x0 c:/program files (x86)/atmel/atmel toolchain/avr8 gcc/native/3.4.1061/avr8-gnu-toolchain/bin/../lib/gcc/avr/4.8.1/avr25\libgcc.a(_clear_bss.o)

Memory Configuration

Name             Origin             Length             Attributes
text             0x00000000         0x00002000         xr
data             0x00800060         0x0000ffa0         rw !x
eeprom           0x00810000         0x00010000         rw !x
fuse             0x00820000         0x00000400         rw !x
lock             0x00830000         0x00000400         rw !x
signature        0x00840000         0x00000400         rw !x
user_signatures  0x00850000         0x00000400         rw !x
*default*        0x00000000         0xffffffff

Linker script and memory map

LOAD c:/program files (x86)/atmel/atmel toolchain/avr8 gcc/native/3.4.1061/avr8-gnu-toolchain/bin/../lib/gcc/avr/4.8.1/../../../../avr/lib/avr25/crttn44a.o
LOAD main.o
LOAD myADC.o
LOAD myTimer.o
LOAD myUsiTwiSlave.o
START GROUP
LOAD c:/program files (x86)/atmel/atmel toolchain/avr8 gcc/native/3.4.1061/avr8-gnu-toolchain/bin/../lib/gcc/avr/4.8.1/../../../../avr/lib/avr25\libm.a
END GROUP
START GROUP
LOAD c:/program files (x86)/atmel/atmel toolchain/avr8 gcc/native/3.4.1061/avr8-gnu-toolchain/bin/../lib/gcc/avr/4.8.1/avr25\libgcc.a
LOAD c:/program files (x86)/atmel/atmel toolchain/avr8 gcc/native/3.4.1061/avr8-gnu-toolchain/bin/../lib/gcc/avr/4.8.1/../../../../avr/lib/avr25\libm.a
LOAD c:/program files (x86)/atmel/atmel toolchain/avr8 gcc/native/3.4.1061/avr8-gnu-toolchain/bin/../lib/gcc/avr/4.8.1/../../../../avr/lib/avr25\libc.a
END GROUP

.hash
 *(.hash)

.dynsym
 *(.dynsym)

.dynstr
 *(.dynstr)

.gnu.version
 *(.gnu.version)

.gnu.version_d
 *(.gnu.version_d)

.gnu.version_r
 *(.gnu.version_r)

.rel.init
 *(.rel.init)

.rela.init
 *(.rela.init)

.rel.text
 *(.rel.text)
 *(.rel.text.*)
 *(.rel.gnu.linkonce.t*)

.rela.text
 *(.rela.text)
 *(.rela.text.*)
 *(.rela.gnu.linkonce.t*)

.rel.fini
 *(.rel.fini)

.rela.fini
 *(.rela.fini)

.rel.rodata
 *(.rel.rodata)
 *(.rel.rodata.*)
 *(.rel.gnu.linkonce.r*)

.rela.rodata
 *(.rela.rodata)
 *(.rela.rodata.*)
 *(.rela.gnu.linkonce.r*)

.rel.data
 *(.rel.data)
 *(.rel.data.*)
 *(.rel.gnu.linkonce.d*)

.rela.data
 *(.rela.data)
 *(.rela.data.*)
 *(.rela.gnu.linkonce.d*)

.rel.ctors
 *(.rel.ctors)

.rela.ctors
 *(.rela.ctors)

.rel.dtors
 *(.rel.dtors)

.rela.dtors
 *(.rela.dtors)

.rel.got
 *(.rel.got)

.rela.got
 *(.rela.got)

.rel.bss
 *(.rel.bss)

.rela.bss
 *(.rela.bss)

.rel.plt
 *(.rel.plt)

.rela.plt
 *(.rela.plt)

.text           0x00000000      0x85c
 *(.vectors)
 .vectors       0x00000000       0x22 c:/program files (x86)/atmel/atmel toolchain/avr8 gcc/native/3.4.1061/avr8-gnu-toolchain/bin/../lib/gcc/avr/4.8.1/../../../../avr/lib/avr25/crttn44a.o
                0x00000000                __vector_default
                0x00000000                __vectors
 *(.vectors)
 *(.progmem.gcc*)
                0x00000022                . = ALIGN (0x2)
                0x00000022                __trampolines_start = .
 *(.trampolines)
 .trampolines   0x00000022        0x0 linker stubs
 *(.trampolines*)
                0x00000022                __trampolines_end = .
 *(.progmem*)
                0x00000022                . = ALIGN (0x2)
 *(.jumptables)
 *(.jumptables*)
 *(.lowtext)
 *(.lowtext*)
                0x00000022                __ctors_start = .
 *(.ctors)
                0x00000022                __ctors_end = .
                0x00000022                __dtors_start = .
 *(.dtors)
                0x00000022                __dtors_end = .
 SORT(*)(.ctors)
 SORT(*)(.dtors)
 *(.init0)
 .init0         0x00000022        0x0 c:/program files (x86)/atmel/atmel toolchain/avr8 gcc/native/3.4.1061/avr8-gnu-toolchain/bin/../lib/gcc/avr/4.8.1/../../../../avr/lib/avr25/crttn44a.o
                0x00000022                __init
 *(.init0)
 *(.init1)
 *(.init1)
 *(.init2)
 .init2         0x00000022        0xc c:/program files (x86)/atmel/atmel toolchain/avr8 gcc/native/3.4.1061/avr8-gnu-toolchain/bin/../lib/gcc/avr/4.8.1/../../../../avr/lib/avr25/crttn44a.o
 *(.init2)
 *(.init3)
 *(.init3)
 *(.init4)
 .init4         0x0000002e       0x16 c:/program files (x86)/atmel/atmel toolchain/avr8 gcc/native/3.4.1061/avr8-gnu-toolchain/bin/../lib/gcc/avr/4.8.1/avr25\libgcc.a(_copy_data.o)
                0x0000002e                __do_copy_data
 .init4         0x00000044       0x10 c:/program files (x86)/atmel/atmel toolchain/avr8 gcc/native/3.4.1061/avr8-gnu-toolchain/bin/../lib/gcc/avr/4.8.1/avr25\libgcc.a(_clear_bss.o)
                0x00000044                __do_clear_bss
 *(.init4)
 *(.init5)
 *(.init5)
 *(.init6)
 *(.init6)
 *(.init7)
 *(.init7)
 *(.init8)
 *(.init8)
 *(.init9)
 .init9         0x00000054        0x4 c:/program files (x86)/atmel/atmel toolchain/avr8 gcc/native/3.4.1061/avr8-gnu-toolchain/bin/../lib/gcc/avr/4.8.1/../../../../avr/lib/avr25/crttn44a.o
 *(.init9)
 *(.text)
 .text          0x00000058        0x2 c:/program files (x86)/atmel/atmel toolchain/avr8 gcc/native/3.4.1061/avr8-gnu-toolchain/bin/../lib/gcc/avr/4.8.1/../../../../avr/lib/avr25/crttn44a.o
                0x00000058                __vector_1
                0x00000058                __vector_12
                0x00000058                __bad_interrupt
                0x00000058                __vector_3
                0x00000058                __vector_7
                0x00000058                __vector_5
                0x00000058                __vector_4
                0x00000058                __vector_9
                0x00000058                __vector_2
                0x00000058                __vector_8
                0x00000058                __vector_14
                0x00000058                __vector_10
                0x0000005a                . = ALIGN (0x2)
 *(.text.*)
 .text.__vector_6
                0x0000005a       0x62 main.o
                0x0000005a                __vector_6
 .text.set_gWakeUpFlag_i2c
                0x000000bc        0xc main.o
                0x000000bc                set_gWakeUpFlag_i2c
 .text.call_set_nowAMP
                0x000000c8       0x14 main.o
                0x000000c8                call_set_nowAMP
 .text.call_set_TxBuffer
                0x000000dc      0x1c0 main.o
                0x000000dc                call_set_TxBuffer
 .text.debug_init
                0x0000029c        0x6 main.o
                0x0000029c                debug_init
 .text.mode_init
                0x000002a2       0x20 main.o
                0x000002a2                mode_init
 .text.counter_reset
                0x000002c2       0x10 main.o
                0x000002c2                counter_reset
 .text.counter_is_done
                0x000002d2       0x36 main.o
                0x000002d2                counter_is_done
 .text.set_targetAMP
                0x00000308       0x4e main.o
                0x00000308                set_targetAMP
 .text.set_PWM  0x00000356       0x62 main.o
                0x00000356                set_PWM
 .text.main     0x000003b8       0xc8 main.o
                0x000003b8                main
 .text.__vector_13
                0x00000480       0x84 myADC.o
                0x00000480                __vector_13
 .text.adc_init
                0x00000504        0xa myADC.o
                0x00000504                adc_init
 .text.adc_start
                0x0000050e       0x12 myADC.o
                0x0000050e                adc_start
 .text.adc_io_init
                0x00000520       0x1e myADC.o
                0x00000520                adc_io_init
 .text.adc_io_read
                0x0000053e        0xe myADC.o
                0x0000053e                adc_io_read
 .text.__vector_11
                0x0000054c       0x4a myTimer.o
                0x0000054c                __vector_11
 .text.timer_init
                0x00000596       0x16 myTimer.o
                0x00000596                timer_init
 .text.pwm_init
                0x000005ac       0x2c myTimer.o
                0x000005ac                pwm_init
 .text.pwm_write
                0x000005d8       0x40 myTimer.o
                0x000005d8                pwm_write
 .text.SET_USI_TO_SEND_ACK
                0x00000618        0xa myUsiTwiSlave.o
                0x00000618                SET_USI_TO_SEND_ACK
 .text.SET_USI_TO_READ_ACK
                0x00000622        0xa myUsiTwiSlave.o
                0x00000622                SET_USI_TO_READ_ACK
 .text.SET_USI_TO_START_CONDITION_MODE
                0x0000062c        0xa myUsiTwiSlave.o
                0x0000062c                SET_USI_TO_START_CONDITION_MODE
 .text.SET_USI_TO_SEND_DATA
                0x00000636        0x8 myUsiTwiSlave.o
                0x00000636                SET_USI_TO_SEND_DATA
 .text.SET_USI_TO_READ_DATA
                0x0000063e        0x8 myUsiTwiSlave.o
                0x0000063e                SET_USI_TO_READ_DATA
 .text.usiTwi_flushTxBuffers
                0x00000646        0xe myUsiTwiSlave.o
                0x00000646                usiTwi_flushTxBuffers
 .text.usiTwi_flushRxBuffers
                0x00000654        0xe myUsiTwiSlave.o
                0x00000654                usiTwi_flushRxBuffers
 .text.usiTwi_Slave_init
                0x00000662       0x24 myUsiTwiSlave.o
                0x00000662                usiTwi_Slave_init
 .text.usiTwi_ByteToTxBuffer
                0x00000686       0x2c myUsiTwiSlave.o
                0x00000686                usiTwi_ByteToTxBuffer
 .text.usiTwi_ByteFromRxBuffer
                0x000006b2       0x2c myUsiTwiSlave.o
                0x000006b2                usiTwi_ByteFromRxBuffer
 .text.usiTwi_Set_TxBuffer
                0x000006de        0xa myUsiTwiSlave.o
                0x000006de                usiTwi_Set_TxBuffer
 .text.usiTwi_is_Stop
                0x000006e8        0x6 myUsiTwiSlave.o
                0x000006e8                usiTwi_is_Stop
 .text.__vector_15
                0x000006ee       0x38 myUsiTwiSlave.o
                0x000006ee                __vector_15
 .text.__vector_16
                0x00000726      0x132 myUsiTwiSlave.o
                0x00000726                __vector_16
                0x00000858                . = ALIGN (0x2)
 *(.fini9)
 .fini9         0x00000858        0x0 c:/program files (x86)/atmel/atmel toolchain/avr8 gcc/native/3.4.1061/avr8-gnu-toolchain/bin/../lib/gcc/avr/4.8.1/avr25\libgcc.a(_exit.o)
                0x00000858                _exit
                0x00000858                exit
 *(.fini9)
 *(.fini8)
 *(.fini8)
 *(.fini7)
 *(.fini7)
 *(.fini6)
 *(.fini6)
 *(.fini5)
 *(.fini5)
 *(.fini4)
 *(.fini4)
 *(.fini3)
 *(.fini3)
 *(.fini2)
 *(.fini2)
 *(.fini1)
 *(.fini1)
 *(.fini0)
 .fini0         0x00000858        0x4 c:/program files (x86)/atmel/atmel toolchain/avr8 gcc/native/3.4.1061/avr8-gnu-toolchain/bin/../lib/gcc/avr/4.8.1/avr25\libgcc.a(_exit.o)
 *(.fini0)
                0x0000085c                _etext = .

.data           0x00800060       0x18 load address 0x0000085c
                0x00800060                PROVIDE (__data_start, .)
 *(.data)
 *(.data*)
 .data.nowPIR   0x00800060        0x1 main.o
                0x00800060                nowPIR
 .data.cfg_TimeDelay
                0x00800061        0x1 main.o
                0x00800061                cfg_TimeDelay
 .data.cfg_TimeDn
                0x00800062        0x1 main.o
                0x00800062                cfg_TimeDn
 .data.cfg_TimeUp
                0x00800063        0x4 main.o
                0x00800063                cfg_TimeUp
 .data.cfg_Dimm
                0x00800067        0x8 main.o
                0x00800067                cfg_Dimm
 .data.cfg_Bright
                0x0080006f        0x8 main.o
                0x0080006f                cfg_Bright
 *(.rodata)
 *(.rodata*)
 *(.gnu.linkonce.d*)
                0x00800078                . = ALIGN (0x2)
 *fill*         0x00800077        0x1 
                0x00800078                _edata = .
                0x00800078                PROVIDE (__data_end, .)

.bss            0x00800078       0x36
                0x00800078                PROVIDE (__bss_start, .)
 *(.bss)
 *(.bss*)
 .bss.data_h.1994
                0x00800078        0x2 main.o
 .bss.command.1993
                0x0080007a        0x1 main.o
 .bss.state.1992
                0x0080007b        0x1 main.o
 .bss.nowAMP    0x0080007c        0x2 main.o
                0x0080007c                nowAMP
 .bss.nowMODE   0x0080007e        0x1 main.o
                0x0080007e                nowMODE
 .bss.adcCount.1919
                0x0080007f        0x1 myADC.o
 .bss.adcValue.1920
                0x00800080        0x2 myADC.o
 .bss.txCount   0x00800082        0x1 myUsiTwiSlave.o
 .bss.txTail    0x00800083        0x1 myUsiTwiSlave.o
 .bss.txHead    0x00800084        0x1 myUsiTwiSlave.o
 .bss.txBuf     0x00800085       0x10 myUsiTwiSlave.o
 .bss.rxCount   0x00800095        0x1 myUsiTwiSlave.o
 .bss.rxTail    0x00800096        0x1 myUsiTwiSlave.o
 .bss.rxHead    0x00800097        0x1 myUsiTwiSlave.o
 .bss.rxBuf     0x00800098       0x10 myUsiTwiSlave.o
 .bss.slaveAddress
                0x008000a8        0x1 myUsiTwiSlave.o
 .bss.overflowState
                0x008000a9        0x1 myUsiTwiSlave.o
 *(COMMON)
 COMMON         0x008000aa        0x4 main.o
                0x008000aa                ticCount
                0x008000ab                gWakeUpFlag
                0x008000ac                secCount
                0x008000ad                gCountFlag
                0x008000ae                PROVIDE (__bss_end, .)
                0x0000085c                __data_load_start = LOADADDR (.data)
                0x00000874                __data_load_end = (__data_load_start + SIZEOF (.data))

.noinit         0x008000ae        0x0
                0x008000ae                PROVIDE (__noinit_start, .)
 *(.noinit*)
                0x008000ae                PROVIDE (__noinit_end, .)
                0x008000ae                _end = .
                0x008000ae                PROVIDE (__heap_start, .)

.eeprom         0x00810000        0x0
 *(.eeprom*)
                0x00810000                __eeprom_end = .

.fuse
 *(.fuse)
 *(.lfuse)
 *(.hfuse)
 *(.efuse)

.lock
 *(.lock*)

.signature
 *(.signature*)

.user_signatures
 *(.user_signatures*)

.stab
 *(.stab)

.stabstr
 *(.stabstr)

.stab.excl
 *(.stab.excl)

.stab.exclstr
 *(.stab.exclstr)

.stab.index
 *(.stab.index)

.stab.indexstr
 *(.stab.indexstr)

.comment        0x00000000       0x30
 *(.comment)
 .comment       0x00000000       0x30 main.o
                                 0x31 (size before relaxing)
 .comment       0x00000000       0x31 myADC.o
 .comment       0x00000000       0x31 myTimer.o
 .comment       0x00000000       0x31 myUsiTwiSlave.o

.note.gnu.build-id
 *(.note.gnu.build-id)

.debug
 *(.debug)

.line
 *(.line)

.debug_srcinfo
 *(.debug_srcinfo)

.debug_sfnames
 *(.debug_sfnames)

.debug_aranges  0x00000000      0x190
 *(.debug_aranges)
 .debug_aranges
                0x00000000       0x78 main.o
 .debug_aranges
                0x00000078       0x48 myADC.o
 .debug_aranges
                0x000000c0       0x38 myTimer.o
 .debug_aranges
                0x000000f8       0x98 myUsiTwiSlave.o

.debug_pubnames
 *(.debug_pubnames)

.debug_info     0x00000000      0xe3f
 *(.debug_info .gnu.linkonce.wi.*)
 .debug_info    0x00000000      0x679 main.o
 .debug_info    0x00000679      0x24c myADC.o
 .debug_info    0x000008c5      0x169 myTimer.o
 .debug_info    0x00000a2e      0x411 myUsiTwiSlave.o

.debug_abbrev   0x00000000      0x5cc
 *(.debug_abbrev)
 .debug_abbrev  0x00000000      0x1e1 main.o
 .debug_abbrev  0x000001e1      0x16f myADC.o
 .debug_abbrev  0x00000350       0xd8 myTimer.o
 .debug_abbrev  0x00000428      0x1a4 myUsiTwiSlave.o

.debug_line     0x00000000      0x740
 *(.debug_line .debug_line.* .debug_line_end)
 .debug_line    0x00000000      0x243 main.o
 .debug_line    0x00000243      0x1a5 myADC.o
 .debug_line    0x000003e8      0x102 myTimer.o
 .debug_line    0x000004ea      0x256 myUsiTwiSlave.o

.debug_frame    0x00000000      0x3f4
 *(.debug_frame)
 .debug_frame   0x00000000      0x128 main.o
 .debug_frame   0x00000128       0xbc myADC.o
 .debug_frame   0x000001e4       0x9c myTimer.o
 .debug_frame   0x00000280      0x174 myUsiTwiSlave.o

.debug_str      0x00000000      0x613
 *(.debug_str)
 .debug_str     0x00000000      0x33e main.o
                                0x38d (size before relaxing)
 .debug_str     0x0000033e       0x81 myADC.o
                                0x222 (size before relaxing)
 .debug_str     0x000003bf       0x34 myTimer.o
                                0x1bd (size before relaxing)
 .debug_str     0x000003f3      0x220 myUsiTwiSlave.o
                                0x400 (size before relaxing)

.debug_loc      0x00000000      0x8ca
 *(.debug_loc)
 .debug_loc     0x00000000      0x3d7 main.o
 .debug_loc     0x000003d7      0x1db myADC.o
 .debug_loc     0x000005b2      0x1a4 myTimer.o
 .debug_loc     0x00000756      0x174 myUsiTwiSlave.o

.debug_macinfo
 *(.debug_macinfo)

.debug_weaknames
 *(.debug_weaknames)

.debug_funcnames
 *(.debug_funcnames)

.debug_typenames
 *(.debug_typenames)

.debug_varnames
 *(.debug_varnames)

.debug_pubtypes
 *(.debug_pubtypes)

.debug_ranges   0x00000000      0x150
 *(.debug_ranges)
 .debug_ranges  0x00000000       0x68 main.o
 .debug_ranges  0x00000068       0x38 myADC.o
 .debug_ranges  0x000000a0       0x28 myTimer.o
 .debug_ranges  0x000000c8       0x88 myUsiTwiSlave.o

.debug_macro
 *(.debug_macro)
OUTPUT(Code_USI_TWI.elf elf32-avr)
LOAD linker stubs
