Archive member included because of file (symbol)

c:/program files (x86)/atmel/atmel toolchain/avr8 gcc/native/3.4.1061/avr8-gnu-toolchain/bin/../lib/gcc/avr/4.8.1/avr25\libgcc.a(_exit.o)
                              c:/program files (x86)/atmel/atmel toolchain/avr8 gcc/native/3.4.1061/avr8-gnu-toolchain/bin/../lib/gcc/avr/4.8.1/../../../../avr/lib/avr25/crttn44a.o (exit)
c:/program files (x86)/atmel/atmel toolchain/avr8 gcc/native/3.4.1061/avr8-gnu-toolchain/bin/../lib/gcc/avr/4.8.1/avr25\libgcc.a(_copy_data.o)
                              main.o (__do_copy_data)
c:/program files (x86)/atmel/atmel toolchain/avr8 gcc/native/3.4.1061/avr8-gnu-toolchain/bin/../lib/gcc/avr/4.8.1/avr25\libgcc.a(_clear_bss.o)
                              main.o (__do_clear_bss)

Discarded input sections

 .data          0x00000000        0x0 c:/program files (x86)/atmel/atmel toolchain/avr8 gcc/native/3.4.1061/avr8-gnu-toolchain/bin/../lib/gcc/avr/4.8.1/../../../../avr/lib/avr25/crttn44a.o
 .bss           0x00000000        0x0 c:/program files (x86)/atmel/atmel toolchain/avr8 gcc/native/3.4.1061/avr8-gnu-toolchain/bin/../lib/gcc/avr/4.8.1/../../../../avr/lib/avr25/crttn44a.o
 .text          0x00000000        0x0 main.o
 .data          0x00000000        0x0 main.o
 .bss           0x00000000        0x0 main.o
 .text.debug_init
                0x00000000        0x2 main.o
 .text          0x00000000        0x0 myADC.o
 .data          0x00000000        0x0 myADC.o
 .bss           0x00000000        0x0 myADC.o
 .text.adc_convert
                0x00000000       0x40 myADC.o
 .text          0x00000000        0x0 myTimer.o
 .data          0x00000000        0x0 myTimer.o
 .bss           0x00000000        0x0 myTimer.o
 .text          0x00000000        0x0 myUsiTwiSlave.o
 .data          0x00000000        0x0 myUsiTwiSlave.o
 .bss           0x00000000        0x0 myUsiTwiSlave.o
 .text.usiTwi_is_DataInTxBuffer
                0x00000000        0x6 myUsiTwiSlave.o
 .text.usiTwi_is_DataInRxBuffer
                0x00000000        0x6 myUsiTwiSlave.o
 .text          0x00000000        0x0 c:/program files (x86)/atmel/atmel toolchain/avr8 gcc/native/3.4.1061/avr8-gnu-toolchain/bin/../lib/gcc/avr/4.8.1/avr25\libgcc.a(_exit.o)
 .data          0x00000000        0x0 c:/program files (x86)/atmel/atmel toolchain/avr8 gcc/native/3.4.1061/avr8-gnu-toolchain/bin/../lib/gcc/avr/4.8.1/avr25\libgcc.a(_exit.o)
 .bss           0x00000000        0x0 c:/program files (x86)/atmel/atmel toolchain/avr8 gcc/native/3.4.1061/avr8-gnu-toolchain/bin/../lib/gcc/avr/4.8.1/avr25\libgcc.a(_exit.o)
 .text.libgcc.mul
                0x00000000        0x0 c:/program files (x86)/atmel/atmel toolchain/avr8 gcc/native/3.4.1061/avr8-gnu-toolchain/bin/../lib/gcc/avr/4.8.1/avr25\libgcc.a(_exit.o)
 .text.libgcc.div
                0x00000000        0x0 c:/program files (x86)/atmel/atmel toolchain/avr8 gcc/native/3.4.1061/avr8-gnu-toolchain/bin/../lib/gcc/avr/4.8.1/avr25\libgcc.a(_exit.o)
 .text.libgcc   0x00000000        0x0 c:/program files (x86)/atmel/atmel toolchain/avr8 gcc/native/3.4.1061/avr8-gnu-toolchain/bin/../lib/gcc/avr/4.8.1/avr25\libgcc.a(_exit.o)
 .text.libgcc.prologue
                0x00000000        0x0 c:/program files (x86)/atmel/atmel toolchain/avr8 gcc/native/3.4.1061/avr8-gnu-toolchain/bin/../lib/gcc/avr/4.8.1/avr25\libgcc.a(_exit.o)
 .text.libgcc.builtins
                0x00000000        0x0 c:/program files (x86)/atmel/atmel toolchain/avr8 gcc/native/3.4.1061/avr8-gnu-toolchain/bin/../lib/gcc/avr/4.8.1/avr25\libgcc.a(_exit.o)
 .text.libgcc.fmul
                0x00000000        0x0 c:/program files (x86)/atmel/atmel toolchain/avr8 gcc/native/3.4.1061/avr8-gnu-toolchain/bin/../lib/gcc/avr/4.8.1/avr25\libgcc.a(_exit.o)
 .text.libgcc.fixed
                0x00000000        0x0 c:/program files (x86)/atmel/atmel toolchain/avr8 gcc/native/3.4.1061/avr8-gnu-toolchain/bin/../lib/gcc/avr/4.8.1/avr25\libgcc.a(_exit.o)
 .text          0x00000000        0x0 c:/program files (x86)/atmel/atmel toolchain/avr8 gcc/native/3.4.1061/avr8-gnu-toolchain/bin/../lib/gcc/avr/4.8.1/avr25\libgcc.a(_copy_data.o)
 .data          0x00000000        0x0 c:/program files (x86)/atmel/atmel toolchain/avr8 gcc/native/3.4.1061/avr8-gnu-toolchain/bin/../lib/gcc/avr/4.8.1/avr25\libgcc.a(_copy_data.o)
 .bss           0x00000000        0x0 c:/program files (x86)/atmel/atmel toolchain/avr8 gcc/native/3.4.1061/avr8-gnu-toolchain/bin/../lib/gcc/avr/4.8.1/avr25\libgcc.a(_copy_data.o)
 .text.libgcc.mul
                0x00000000        0x0 c:/program files (x86)/atmel/atmel toolchain/avr8 gcc/native/3.4.1061/avr8-gnu-toolchain/bin/../lib/gcc/avr/4.8.1/avr25\libgcc.a(_copy_data.o)
 .text.libgcc.div
                0x00000000        0x0 c:/program files (x86)/atmel/atmel toolchain/avr8 gcc/native/3.4.1061/avr8-gnu-toolchain/bin/../lib/gcc/avr/4.8.1/avr25\libgcc.a(_copy_data.o)
 .text.libgcc   0x00000000        0x0 c:/program files (x86)/atmel/atmel toolchain/avr8 gcc/native/3.4.1061/avr8-gnu-toolchain/bin/../lib/gcc/avr/4.8.1/avr25\libgcc.a(_copy_data.o)
 .text.libgcc.prologue
                0x00000000        0x0 c:/program files (x86)/atmel/atmel toolchain/avr8 gcc/native/3.4.1061/avr8-gnu-toolchain/bin/../lib/gcc/avr/4.8.1/avr25\libgcc.a(_copy_data.o)
 .text.libgcc.builtins
                0x00000000        0x0 c:/program files (x86)/atmel/atmel toolchain/avr8 gcc/native/3.4.1061/avr8-gnu-toolchain/bin/../lib/gcc/avr/4.8.1/avr25\libgcc.a(_copy_data.o)
 .text.libgcc.fmul
                0x00000000        0x0 c:/program files (x86)/atmel/atmel toolchain/avr8 gcc/native/3.4.1061/avr8-gnu-toolchain/bin/../lib/gcc/avr/4.8.1/avr25\libgcc.a(_copy_data.o)
 .text.libgcc.fixed
                0x00000000        0x0 c:/program files (x86)/atmel/atmel toolchain/avr8 gcc/native/3.4.1061/avr8-gnu-toolchain/bin/../lib/gcc/avr/4.8.1/avr25\libgcc.a(_copy_data.o)
 .text          0x00000000        0x0 c:/program files (x86)/atmel/atmel toolchain/avr8 gcc/native/3.4.1061/avr8-gnu-toolchain/bin/../lib/gcc/avr/4.8.1/avr25\libgcc.a(_clear_bss.o)
 .data          0x00000000        0x0 c:/program files (x86)/atmel/atmel toolchain/avr8 gcc/native/3.4.1061/avr8-gnu-toolchain/bin/../lib/gcc/avr/4.8.1/avr25\libgcc.a(_clear_bss.o)
 .bss           0x00000000        0x0 c:/program files (x86)/atmel/atmel toolchain/avr8 gcc/native/3.4.1061/avr8-gnu-toolchain/bin/../lib/gcc/avr/4.8.1/avr25\libgcc.a(_clear_bss.o)
 .text.libgcc.mul
                0x00000000        0x0 c:/program files (x86)/atmel/atmel toolchain/avr8 gcc/native/3.4.1061/avr8-gnu-toolchain/bin/../lib/gcc/avr/4.8.1/avr25\libgcc.a(_clear_bss.o)
 .text.libgcc.div
                0x00000000        0x0 c:/program files (x86)/atmel/atmel toolchain/avr8 gcc/native/3.4.1061/avr8-gnu-toolchain/bin/../lib/gcc/avr/4.8.1/avr25\libgcc.a(_clear_bss.o)
 .text.libgcc   0x00000000        0x0 c:/program files (x86)/atmel/atmel toolchain/avr8 gcc/native/3.4.1061/avr8-gnu-toolchain/bin/../lib/gcc/avr/4.8.1/avr25\libgcc.a(_clear_bss.o)
 .text.libgcc.prologue
                0x00000000        0x0 c:/program files (x86)/atmel/atmel toolchain/avr8 gcc/native/3.4.1061/avr8-gnu-toolchain/bin/../lib/gcc/avr/4.8.1/avr25\libgcc.a(_clear_bss.o)
 .text.libgcc.builtins
                0x00000000        0x0 c:/program files (x86)/atmel/atmel toolchain/avr8 gcc/native/3.4.1061/avr8-gnu-toolchain/bin/../lib/gcc/avr/4.8.1/avr25\libgcc.a(_clear_bss.o)
 .text.libgcc.fmul
                0x00000000        0x0 c:/program files (x86)/atmel/atmel toolchain/avr8 gcc/native/3.4.1061/avr8-gnu-toolchain/bin/../lib/gcc/avr/4.8.1/avr25\libgcc.a(_clear_bss.o)
 .text.libgcc.fixed
                0x00000000        0x0 c:/program files (x86)/atmel/atmel toolchain/avr8 gcc/native/3.4.1061/avr8-gnu-toolchain/bin/../lib/gcc/avr/4.8.1/avr25\libgcc.a(_clear_bss.o)

Memory Configuration

Name             Origin             Length             Attributes
text             0x00000000         0x00002000         xr
data             0x00800060         0x0000ffa0         rw !x
eeprom           0x00810000         0x00010000         rw !x
fuse             0x00820000         0x00000400         rw !x
lock             0x00830000         0x00000400         rw !x
signature        0x00840000         0x00000400         rw !x
user_signatures  0x00850000         0x00000400         rw !x
*default*        0x00000000         0xffffffff

Linker script and memory map

LOAD c:/program files (x86)/atmel/atmel toolchain/avr8 gcc/native/3.4.1061/avr8-gnu-toolchain/bin/../lib/gcc/avr/4.8.1/../../../../avr/lib/avr25/crttn44a.o
LOAD main.o
LOAD myADC.o
LOAD myTimer.o
LOAD myUsiTwiSlave.o
START GROUP
LOAD c:/program files (x86)/atmel/atmel toolchain/avr8 gcc/native/3.4.1061/avr8-gnu-toolchain/bin/../lib/gcc/avr/4.8.1/../../../../avr/lib/avr25\libm.a
END GROUP
START GROUP
LOAD c:/program files (x86)/atmel/atmel toolchain/avr8 gcc/native/3.4.1061/avr8-gnu-toolchain/bin/../lib/gcc/avr/4.8.1/avr25\libgcc.a
LOAD c:/program files (x86)/atmel/atmel toolchain/avr8 gcc/native/3.4.1061/avr8-gnu-toolchain/bin/../lib/gcc/avr/4.8.1/../../../../avr/lib/avr25\libm.a
LOAD c:/program files (x86)/atmel/atmel toolchain/avr8 gcc/native/3.4.1061/avr8-gnu-toolchain/bin/../lib/gcc/avr/4.8.1/../../../../avr/lib/avr25\libc.a
END GROUP

.hash
 *(.hash)

.dynsym
 *(.dynsym)

.dynstr
 *(.dynstr)

.gnu.version
 *(.gnu.version)

.gnu.version_d
 *(.gnu.version_d)

.gnu.version_r
 *(.gnu.version_r)

.rel.init
 *(.rel.init)

.rela.init
 *(.rela.init)

.rel.text
 *(.rel.text)
 *(.rel.text.*)
 *(.rel.gnu.linkonce.t*)

.rela.text
 *(.rela.text)
 *(.rela.text.*)
 *(.rela.gnu.linkonce.t*)

.rel.fini
 *(.rel.fini)

.rela.fini
 *(.rela.fini)

.rel.rodata
 *(.rel.rodata)
 *(.rel.rodata.*)
 *(.rel.gnu.linkonce.r*)

.rela.rodata
 *(.rela.rodata)
 *(.rela.rodata.*)
 *(.rela.gnu.linkonce.r*)

.rel.data
 *(.rel.data)
 *(.rel.data.*)
 *(.rel.gnu.linkonce.d*)

.rela.data
 *(.rela.data)
 *(.rela.data.*)
 *(.rela.gnu.linkonce.d*)

.rel.ctors
 *(.rel.ctors)

.rela.ctors
 *(.rela.ctors)

.rel.dtors
 *(.rel.dtors)

.rela.dtors
 *(.rela.dtors)

.rel.got
 *(.rel.got)

.rela.got
 *(.rela.got)

.rel.bss
 *(.rel.bss)

.rela.bss
 *(.rela.bss)

.rel.plt
 *(.rel.plt)

.rela.plt
 *(.rela.plt)

.text           0x00000000      0x880
 *(.vectors)
 .vectors       0x00000000       0x22 c:/program files (x86)/atmel/atmel toolchain/avr8 gcc/native/3.4.1061/avr8-gnu-toolchain/bin/../lib/gcc/avr/4.8.1/../../../../avr/lib/avr25/crttn44a.o
                0x00000000                __vector_default
                0x00000000                __vectors
 *(.vectors)
 *(.progmem.gcc*)
 .progmem.gcc_sw_table.call_set_TxBuffer
                0x00000022       0x2c main.o
                0x0000004e                . = ALIGN (0x2)
                0x0000004e                __trampolines_start = .
 *(.trampolines)
 .trampolines   0x0000004e        0x0 linker stubs
 *(.trampolines*)
                0x0000004e                __trampolines_end = .
 *(.progmem*)
                0x0000004e                . = ALIGN (0x2)
 *(.jumptables)
 *(.jumptables*)
 *(.lowtext)
 *(.lowtext*)
                0x0000004e                __ctors_start = .
 *(.ctors)
                0x0000004e                __ctors_end = .
                0x0000004e                __dtors_start = .
 *(.dtors)
                0x0000004e                __dtors_end = .
 SORT(*)(.ctors)
 SORT(*)(.dtors)
 *(.init0)
 .init0         0x0000004e        0x0 c:/program files (x86)/atmel/atmel toolchain/avr8 gcc/native/3.4.1061/avr8-gnu-toolchain/bin/../lib/gcc/avr/4.8.1/../../../../avr/lib/avr25/crttn44a.o
                0x0000004e                __init
 *(.init0)
 *(.init1)
 *(.init1)
 *(.init2)
 .init2         0x0000004e        0xc c:/program files (x86)/atmel/atmel toolchain/avr8 gcc/native/3.4.1061/avr8-gnu-toolchain/bin/../lib/gcc/avr/4.8.1/../../../../avr/lib/avr25/crttn44a.o
 *(.init2)
 *(.init3)
 *(.init3)
 *(.init4)
 .init4         0x0000005a       0x16 c:/program files (x86)/atmel/atmel toolchain/avr8 gcc/native/3.4.1061/avr8-gnu-toolchain/bin/../lib/gcc/avr/4.8.1/avr25\libgcc.a(_copy_data.o)
                0x0000005a                __do_copy_data
 .init4         0x00000070       0x10 c:/program files (x86)/atmel/atmel toolchain/avr8 gcc/native/3.4.1061/avr8-gnu-toolchain/bin/../lib/gcc/avr/4.8.1/avr25\libgcc.a(_clear_bss.o)
                0x00000070                __do_clear_bss
 *(.init4)
 *(.init5)
 *(.init5)
 *(.init6)
 *(.init6)
 *(.init7)
 *(.init7)
 *(.init8)
 *(.init8)
 *(.init9)
 .init9         0x00000080        0x4 c:/program files (x86)/atmel/atmel toolchain/avr8 gcc/native/3.4.1061/avr8-gnu-toolchain/bin/../lib/gcc/avr/4.8.1/../../../../avr/lib/avr25/crttn44a.o
 *(.init9)
 *(.text)
 .text          0x00000084        0x2 c:/program files (x86)/atmel/atmel toolchain/avr8 gcc/native/3.4.1061/avr8-gnu-toolchain/bin/../lib/gcc/avr/4.8.1/../../../../avr/lib/avr25/crttn44a.o
                0x00000084                __vector_1
                0x00000084                __vector_12
                0x00000084                __bad_interrupt
                0x00000084                __vector_3
                0x00000084                __vector_11
                0x00000084                __vector_7
                0x00000084                __vector_5
                0x00000084                __vector_4
                0x00000084                __vector_9
                0x00000084                __vector_2
                0x00000084                __vector_8
                0x00000084                __vector_14
                0x00000084                __vector_10
                0x00000086                . = ALIGN (0x2)
 *(.text.*)
 .text.__vector_6
                0x00000086       0x62 main.o
                0x00000086                __vector_6
 .text.set_gWakeUpFlag_i2c
                0x000000e8        0xc main.o
                0x000000e8                set_gWakeUpFlag_i2c
 .text.call_set_nowAMP
                0x000000f4       0x14 main.o
                0x000000f4                call_set_nowAMP
 .text.call_set_TxBuffer
                0x00000108      0x1ac main.o
                0x00000108                call_set_TxBuffer
 .text.mode_init
                0x000002b4       0x98 main.o
                0x000002b4                mode_init
 .text.counter_reset
                0x0000034c       0x10 main.o
                0x0000034c                counter_reset
 .text.counter_is_done
                0x0000035c       0x36 main.o
                0x0000035c                counter_is_done
 .text.set_targetAMP
                0x00000392       0x38 main.o
                0x00000392                set_targetAMP
 .text.set_PWM  0x000003ca       0x60 main.o
                0x000003ca                set_PWM
 .text.main     0x0000042a       0xc6 main.o
                0x0000042a                main
 .text.__vector_13
                0x000004f0       0x94 myADC.o
                0x000004f0                __vector_13
 .text.adc_init
                0x00000584        0xa myADC.o
                0x00000584                adc_init
 .text.adc_start
                0x0000058e       0x12 myADC.o
                0x0000058e                adc_start
 .text.adc_io_init
                0x000005a0       0x1e myADC.o
                0x000005a0                adc_io_init
 .text.adc_io_read
                0x000005be       0x16 myADC.o
                0x000005be                adc_io_read
 .text.timer_init
                0x000005d4       0x16 myTimer.o
                0x000005d4                timer_init
 .text.pwm_init
                0x000005ea       0x2e myTimer.o
                0x000005ea                pwm_init
 .text.pwm_write
                0x00000618       0x24 myTimer.o
                0x00000618                pwm_write
 .text.SET_USI_TO_SEND_ACK
                0x0000063c        0xa myUsiTwiSlave.o
                0x0000063c                SET_USI_TO_SEND_ACK
 .text.SET_USI_TO_READ_ACK
                0x00000646        0xa myUsiTwiSlave.o
                0x00000646                SET_USI_TO_READ_ACK
 .text.SET_USI_TO_START_CONDITION_MODE
                0x00000650        0xa myUsiTwiSlave.o
                0x00000650                SET_USI_TO_START_CONDITION_MODE
 .text.SET_USI_TO_SEND_DATA
                0x0000065a        0x8 myUsiTwiSlave.o
                0x0000065a                SET_USI_TO_SEND_DATA
 .text.SET_USI_TO_READ_DATA
                0x00000662        0x8 myUsiTwiSlave.o
                0x00000662                SET_USI_TO_READ_DATA
 .text.usiTwi_flushTxBuffers
                0x0000066a        0xe myUsiTwiSlave.o
                0x0000066a                usiTwi_flushTxBuffers
 .text.usiTwi_flushRxBuffers
                0x00000678        0xe myUsiTwiSlave.o
                0x00000678                usiTwi_flushRxBuffers
 .text.usiTwi_Slave_init
                0x00000686       0x24 myUsiTwiSlave.o
                0x00000686                usiTwi_Slave_init
 .text.usiTwi_ByteToTxBuffer
                0x000006aa       0x2c myUsiTwiSlave.o
                0x000006aa                usiTwi_ByteToTxBuffer
 .text.usiTwi_ByteFromRxBuffer
                0x000006d6       0x2c myUsiTwiSlave.o
                0x000006d6                usiTwi_ByteFromRxBuffer
 .text.usiTwi_Set_TxBuffer
                0x00000702        0xa myUsiTwiSlave.o
                0x00000702                usiTwi_Set_TxBuffer
 .text.usiTwi_is_Stop
                0x0000070c        0x6 myUsiTwiSlave.o
                0x0000070c                usiTwi_is_Stop
 .text.__vector_15
                0x00000712       0x38 myUsiTwiSlave.o
                0x00000712                __vector_15
 .text.__vector_16
                0x0000074a      0x132 myUsiTwiSlave.o
                0x0000074a                __vector_16
                0x0000087c                . = ALIGN (0x2)
 *(.fini9)
 .fini9         0x0000087c        0x0 c:/program files (x86)/atmel/atmel toolchain/avr8 gcc/native/3.4.1061/avr8-gnu-toolchain/bin/../lib/gcc/avr/4.8.1/avr25\libgcc.a(_exit.o)
                0x0000087c                _exit
                0x0000087c                exit
 *(.fini9)
 *(.fini8)
 *(.fini8)
 *(.fini7)
 *(.fini7)
 *(.fini6)
 *(.fini6)
 *(.fini5)
 *(.fini5)
 *(.fini4)
 *(.fini4)
 *(.fini3)
 *(.fini3)
 *(.fini2)
 *(.fini2)
 *(.fini1)
 *(.fini1)
 *(.fini0)
 .fini0         0x0000087c        0x4 c:/program files (x86)/atmel/atmel toolchain/avr8 gcc/native/3.4.1061/avr8-gnu-toolchain/bin/../lib/gcc/avr/4.8.1/avr25\libgcc.a(_exit.o)
 *(.fini0)
                0x00000880                _etext = .

.data           0x00800060       0x20 load address 0x00000880
                0x00800060                PROVIDE (__data_start, .)
 *(.data)
 *(.data*)
 .data.nowPIR   0x00800060        0x1 main.o
                0x00800060                nowPIR
 .data.cfg_TimeDelay
                0x00800061        0x1 main.o
                0x00800061                cfg_TimeDelay
 .data.cfg_TimeDn
                0x00800062        0x1 main.o
                0x00800062                cfg_TimeDn
 .data.table_TimeUp
                0x00800063        0x4 main.o
                0x00800063                table_TimeUp
 .data.table_Dimm1
                0x00800067        0x8 main.o
                0x00800067                table_Dimm1
 .data.table_Dimm0
                0x0080006f        0x8 main.o
                0x0080006f                table_Dimm0
 .data.table_Bright
                0x00800077        0x8 main.o
                0x00800077                table_Bright
 *(.rodata)
 *(.rodata*)
 *(.gnu.linkonce.d*)
                0x00800080                . = ALIGN (0x2)
 *fill*         0x0080007f        0x1 
                0x00800080                _edata = .
                0x00800080                PROVIDE (__data_end, .)

.bss            0x00800080       0x3f
                0x00800080                PROVIDE (__bss_start, .)
 *(.bss)
 *(.bss*)
 .bss.data_h.1995
                0x00800080        0x2 main.o
 .bss.command.1994
                0x00800082        0x1 main.o
 .bss.state.1993
                0x00800083        0x1 main.o
 .bss.targetAMP
                0x00800084        0x2 main.o
                0x00800084                targetAMP
 .bss.nowAMP    0x00800086        0x2 main.o
                0x00800086                nowAMP
 .bss.nowMODE   0x00800088        0x1 main.o
                0x00800088                nowMODE
 .bss.nowDIMLevel
                0x00800089        0x1 main.o
                0x00800089                nowDIMLevel
 .bss.cfg_TimeUp
                0x0080008a        0x2 main.o
                0x0080008a                cfg_TimeUp
 .bss.cfg_Dimm  0x0080008c        0x2 main.o
                0x0080008c                cfg_Dimm
 .bss.cfg_Bright
                0x0080008e        0x2 main.o
                0x0080008e                cfg_Bright
 .bss.secCount  0x00800090        0x1 main.o
                0x00800090                secCount
 .bss.ticCount  0x00800091        0x1 main.o
                0x00800091                ticCount
 .bss.gCountFlag
                0x00800092        0x1 main.o
                0x00800092                gCountFlag
 .bss.gWakeUpFlag
                0x00800093        0x1 main.o
                0x00800093                gWakeUpFlag
 .bss.adcCount.1917
                0x00800094        0x1 myADC.o
 .bss.adcValue.1918
                0x00800095        0x2 myADC.o
 .bss.txCount   0x00800097        0x1 myUsiTwiSlave.o
 .bss.txTail    0x00800098        0x1 myUsiTwiSlave.o
 .bss.txHead    0x00800099        0x1 myUsiTwiSlave.o
 .bss.txBuf     0x0080009a       0x10 myUsiTwiSlave.o
 .bss.rxCount   0x008000aa        0x1 myUsiTwiSlave.o
 .bss.rxTail    0x008000ab        0x1 myUsiTwiSlave.o
 .bss.rxHead    0x008000ac        0x1 myUsiTwiSlave.o
 .bss.rxBuf     0x008000ad       0x10 myUsiTwiSlave.o
 .bss.slaveAddress
                0x008000bd        0x1 myUsiTwiSlave.o
 .bss.overflowState
                0x008000be        0x1 myUsiTwiSlave.o
 *(COMMON)
                0x008000bf                PROVIDE (__bss_end, .)
                0x00000880                __data_load_start = LOADADDR (.data)
                0x000008a0                __data_load_end = (__data_load_start + SIZEOF (.data))

.noinit         0x008000bf        0x0
                0x008000bf                PROVIDE (__noinit_start, .)
 *(.noinit*)
                0x008000bf                PROVIDE (__noinit_end, .)
                0x008000bf                _end = .
                0x008000bf                PROVIDE (__heap_start, .)

.eeprom         0x00810000        0x0
 *(.eeprom*)
                0x00810000                __eeprom_end = .

.fuse
 *(.fuse)
 *(.lfuse)
 *(.hfuse)
 *(.efuse)

.lock
 *(.lock*)

.signature
 *(.signature*)

.user_signatures
 *(.user_signatures*)

.stab
 *(.stab)

.stabstr
 *(.stabstr)

.stab.excl
 *(.stab.excl)

.stab.exclstr
 *(.stab.exclstr)

.stab.index
 *(.stab.index)

.stab.indexstr
 *(.stab.indexstr)

.comment        0x00000000       0x30
 *(.comment)
 .comment       0x00000000       0x30 main.o
                                 0x31 (size before relaxing)
 .comment       0x00000000       0x31 myADC.o
 .comment       0x00000000       0x31 myTimer.o
 .comment       0x00000000       0x31 myUsiTwiSlave.o

.note.gnu.build-id
 *(.note.gnu.build-id)

.debug
 *(.debug)

.line
 *(.line)

.debug_srcinfo
 *(.debug_srcinfo)

.debug_sfnames
 *(.debug_sfnames)

.debug_aranges  0x00000000      0x180
 *(.debug_aranges)
 .debug_aranges
                0x00000000       0x70 main.o
 .debug_aranges
                0x00000070       0x48 myADC.o
 .debug_aranges
                0x000000b8       0x30 myTimer.o
 .debug_aranges
                0x000000e8       0x98 myUsiTwiSlave.o

.debug_pubnames
 *(.debug_pubnames)

.debug_info     0x00000000      0xe50
 *(.debug_info .gnu.linkonce.wi.*)
 .debug_info    0x00000000      0x6c6 main.o
 .debug_info    0x000006c6      0x24c myADC.o
 .debug_info    0x00000912      0x12d myTimer.o
 .debug_info    0x00000a3f      0x411 myUsiTwiSlave.o

.debug_abbrev   0x00000000      0x5ac
 *(.debug_abbrev)
 .debug_abbrev  0x00000000      0x20a main.o
 .debug_abbrev  0x0000020a      0x16f myADC.o
 .debug_abbrev  0x00000379       0x8f myTimer.o
 .debug_abbrev  0x00000408      0x1a4 myUsiTwiSlave.o

.debug_line     0x00000000      0x72f
 *(.debug_line .debug_line.* .debug_line_end)
 .debug_line    0x00000000      0x241 main.o
 .debug_line    0x00000241      0x1a6 myADC.o
 .debug_line    0x000003e7       0xf2 myTimer.o
 .debug_line    0x000004d9      0x256 myUsiTwiSlave.o

.debug_frame    0x00000000      0x3ac
 *(.debug_frame)
 .debug_frame   0x00000000      0x138 main.o
 .debug_frame   0x00000138       0xbc myADC.o
 .debug_frame   0x000001f4       0x44 myTimer.o
 .debug_frame   0x00000238      0x174 myUsiTwiSlave.o

.debug_str      0x00000000      0x63e
 *(.debug_str)
 .debug_str     0x00000000      0x375 main.o
                                0x3c4 (size before relaxing)
 .debug_str     0x00000375       0x81 myADC.o
                                0x222 (size before relaxing)
 .debug_str     0x000003f6       0x28 myTimer.o
                                0x1a7 (size before relaxing)
 .debug_str     0x0000041e      0x220 myUsiTwiSlave.o
                                0x400 (size before relaxing)

.debug_loc      0x00000000      0x895
 *(.debug_loc)
 .debug_loc     0x00000000      0x428 main.o
 .debug_loc     0x00000428      0x1f9 myADC.o
 .debug_loc     0x00000621      0x100 myTimer.o
 .debug_loc     0x00000721      0x174 myUsiTwiSlave.o

.debug_macinfo
 *(.debug_macinfo)

.debug_weaknames
 *(.debug_weaknames)

.debug_funcnames
 *(.debug_funcnames)

.debug_typenames
 *(.debug_typenames)

.debug_varnames
 *(.debug_varnames)

.debug_pubtypes
 *(.debug_pubtypes)

.debug_ranges   0x00000000      0x140
 *(.debug_ranges)
 .debug_ranges  0x00000000       0x60 main.o
 .debug_ranges  0x00000060       0x38 myADC.o
 .debug_ranges  0x00000098       0x20 myTimer.o
 .debug_ranges  0x000000b8       0x88 myUsiTwiSlave.o

.debug_macro
 *(.debug_macro)
OUTPUT(Code_USI_TWI.elf elf32-avr)
LOAD linker stubs
